go : # 
github.com/Permify/permify/internal/engines [gith
ub.com/Permify/permify/internal/engines.test]
At line:1 char:1
+ go test -v -run TestCheckEngineCoverage 
./internal/engines > test_out ...
+ ~~~~~~~~~~~~~~~~~~~~~~~~~~~~~~~~~~~~~~~~~~~~~~~
~~~~~~~~~~~~~~~~~~~~~~
    + CategoryInfo          : NotSpecified: (# g 
   ithub.com/Pe...l/engines.test]:String) [], R  
  emoteException
    + FullyQualifiedErrorId : NativeCommandError
 
internal\engines\coverage_test.go:29:12: 
assignment mismatch: 2 variables but 
parser.NewParser returns 1 value
internal\engines\coverage_test.go:37:28: not 
enough arguments in call to compiler.NewCompiler
	have (unknown type)
	want (bool, 
*"github.com/Permify/permify/pkg/dsl/ast".Schema)
internal\engines\coverage_test.go:46:40: cannot 
use entity (variable of type 
*basev1.EntityDefinition) as 
[]storage.SchemaDefinition value in argument to 
sw.WriteSchema
FAIL	github.com/Permify/permify/internal/engines [build failed]
FAIL
